Archive member included to satisfy reference by file (symbol)

C:/Program Files/STMicroelectronics/STM32CubeCLT_1.16.0/GNU-tools-for-STM32/bin/../lib/gcc/arm-none-eabi/12.3.1/../../../../arm-none-eabi/lib/thumb/v7-m/nofp\libc_nano.a(libc_a-exit.o)
                              C:/Program Files/STMicroelectronics/STM32CubeCLT_1.16.0/GNU-tools-for-STM32/bin/../lib/gcc/arm-none-eabi/12.3.1/../../../../arm-none-eabi/lib/thumb/v7-m/nofp/crt0.o (exit)
C:/Program Files/STMicroelectronics/STM32CubeCLT_1.16.0/GNU-tools-for-STM32/bin/../lib/gcc/arm-none-eabi/12.3.1/../../../../arm-none-eabi/lib/thumb/v7-m/nofp\libc_nano.a(libc_a-findfp.o)
                              C:/Program Files/STMicroelectronics/STM32CubeCLT_1.16.0/GNU-tools-for-STM32/bin/../lib/gcc/arm-none-eabi/12.3.1/../../../../arm-none-eabi/lib/thumb/v7-m/nofp\libc_nano.a(libc_a-exit.o) (__stdio_exit_handler)
C:/Program Files/STMicroelectronics/STM32CubeCLT_1.16.0/GNU-tools-for-STM32/bin/../lib/gcc/arm-none-eabi/12.3.1/../../../../arm-none-eabi/lib/thumb/v7-m/nofp\libc_nano.a(libc_a-fwalk.o)
                              C:/Program Files/STMicroelectronics/STM32CubeCLT_1.16.0/GNU-tools-for-STM32/bin/../lib/gcc/arm-none-eabi/12.3.1/../../../../arm-none-eabi/lib/thumb/v7-m/nofp\libc_nano.a(libc_a-findfp.o) (_fwalk_sglue)
C:/Program Files/STMicroelectronics/STM32CubeCLT_1.16.0/GNU-tools-for-STM32/bin/../lib/gcc/arm-none-eabi/12.3.1/../../../../arm-none-eabi/lib/thumb/v7-m/nofp\libc_nano.a(libc_a-stdio.o)
                              C:/Program Files/STMicroelectronics/STM32CubeCLT_1.16.0/GNU-tools-for-STM32/bin/../lib/gcc/arm-none-eabi/12.3.1/../../../../arm-none-eabi/lib/thumb/v7-m/nofp\libc_nano.a(libc_a-findfp.o) (__sread)
C:/Program Files/STMicroelectronics/STM32CubeCLT_1.16.0/GNU-tools-for-STM32/bin/../lib/gcc/arm-none-eabi/12.3.1/../../../../arm-none-eabi/lib/thumb/v7-m/nofp\libc_nano.a(libc_a-memset.o)
                              C:/Program Files/STMicroelectronics/STM32CubeCLT_1.16.0/GNU-tools-for-STM32/bin/../lib/gcc/arm-none-eabi/12.3.1/../../../../arm-none-eabi/lib/thumb/v7-m/nofp/crt0.o (memset)
C:/Program Files/STMicroelectronics/STM32CubeCLT_1.16.0/GNU-tools-for-STM32/bin/../lib/gcc/arm-none-eabi/12.3.1/../../../../arm-none-eabi/lib/thumb/v7-m/nofp\libc_nano.a(libc_a-closer.o)
                              C:/Program Files/STMicroelectronics/STM32CubeCLT_1.16.0/GNU-tools-for-STM32/bin/../lib/gcc/arm-none-eabi/12.3.1/../../../../arm-none-eabi/lib/thumb/v7-m/nofp\libc_nano.a(libc_a-stdio.o) (_close_r)
C:/Program Files/STMicroelectronics/STM32CubeCLT_1.16.0/GNU-tools-for-STM32/bin/../lib/gcc/arm-none-eabi/12.3.1/../../../../arm-none-eabi/lib/thumb/v7-m/nofp\libc_nano.a(libc_a-reent.o)
                              C:/Program Files/STMicroelectronics/STM32CubeCLT_1.16.0/GNU-tools-for-STM32/bin/../lib/gcc/arm-none-eabi/12.3.1/../../../../arm-none-eabi/lib/thumb/v7-m/nofp\libc_nano.a(libc_a-closer.o) (errno)
C:/Program Files/STMicroelectronics/STM32CubeCLT_1.16.0/GNU-tools-for-STM32/bin/../lib/gcc/arm-none-eabi/12.3.1/../../../../arm-none-eabi/lib/thumb/v7-m/nofp\libc_nano.a(libc_a-impure.o)
                              C:/Program Files/STMicroelectronics/STM32CubeCLT_1.16.0/GNU-tools-for-STM32/bin/../lib/gcc/arm-none-eabi/12.3.1/../../../../arm-none-eabi/lib/thumb/v7-m/nofp\libc_nano.a(libc_a-reent.o) (_impure_ptr)
C:/Program Files/STMicroelectronics/STM32CubeCLT_1.16.0/GNU-tools-for-STM32/bin/../lib/gcc/arm-none-eabi/12.3.1/../../../../arm-none-eabi/lib/thumb/v7-m/nofp\libc_nano.a(libc_a-lseekr.o)
                              C:/Program Files/STMicroelectronics/STM32CubeCLT_1.16.0/GNU-tools-for-STM32/bin/../lib/gcc/arm-none-eabi/12.3.1/../../../../arm-none-eabi/lib/thumb/v7-m/nofp\libc_nano.a(libc_a-stdio.o) (_lseek_r)
C:/Program Files/STMicroelectronics/STM32CubeCLT_1.16.0/GNU-tools-for-STM32/bin/../lib/gcc/arm-none-eabi/12.3.1/../../../../arm-none-eabi/lib/thumb/v7-m/nofp\libc_nano.a(libc_a-readr.o)
                              C:/Program Files/STMicroelectronics/STM32CubeCLT_1.16.0/GNU-tools-for-STM32/bin/../lib/gcc/arm-none-eabi/12.3.1/../../../../arm-none-eabi/lib/thumb/v7-m/nofp\libc_nano.a(libc_a-stdio.o) (_read_r)
C:/Program Files/STMicroelectronics/STM32CubeCLT_1.16.0/GNU-tools-for-STM32/bin/../lib/gcc/arm-none-eabi/12.3.1/../../../../arm-none-eabi/lib/thumb/v7-m/nofp\libc_nano.a(libc_a-writer.o)
                              C:/Program Files/STMicroelectronics/STM32CubeCLT_1.16.0/GNU-tools-for-STM32/bin/../lib/gcc/arm-none-eabi/12.3.1/../../../../arm-none-eabi/lib/thumb/v7-m/nofp\libc_nano.a(libc_a-stdio.o) (_write_r)
C:/Program Files/STMicroelectronics/STM32CubeCLT_1.16.0/GNU-tools-for-STM32/bin/../lib/gcc/arm-none-eabi/12.3.1/../../../../arm-none-eabi/lib/thumb/v7-m/nofp\libc_nano.a(libc_a-init.o)
                              C:/Program Files/STMicroelectronics/STM32CubeCLT_1.16.0/GNU-tools-for-STM32/bin/../lib/gcc/arm-none-eabi/12.3.1/../../../../arm-none-eabi/lib/thumb/v7-m/nofp/crt0.o (__libc_init_array)
[...]
Memory Configuration

Name             Origin             Length             Attributes
RAM              0x20000000         0x00005000         xrw
FLASH            0x08000000         0x00010000         xr
*default*        0x00000000         0xffffffff

Linker script and memory map

LOAD C:/Program Files/STMicroelectronics/STM32CubeCLT_1.16.0/GNU-tools-for-STM32/bin/../lib/gcc/arm-none-eabi/12.3.1/thumb/v7-m/nofp/crti.o
LOAD C:/Program Files/STMicroelectronics/STM32CubeCLT_1.16.0/GNU-tools-for-STM32/bin/../lib/gcc/arm-none-eabi/12.3.1/thumb/v7-m/nofp/crtbegin.o
LOAD C:/Program Files/STMicroelectronics/STM32CubeCLT_1.16.0/GNU-tools-for-STM32/bin/../lib/gcc/arm-none-eabi/12.3.1/../../../../arm-none-eabi/lib/thumb/v7-m/nofp/crt0.o
START GROUP
LOAD C:/Program Files/STMicroelectronics/STM32CubeCLT_1.16.0/GNU-tools-for-STM32/bin/../lib/gcc/arm-none-eabi/12.3.1/../../../../arm-none-eabi/lib/thumb/v7-m/nofp\libc_nano.a
LOAD C:/Program Files/STMicroelectronics/STM32CubeCLT_1.16.0/GNU-tools-for-STM32/bin/../lib/gcc/arm-none-eabi/12.3.1/../../../../arm-none-eabi/lib/thumb/v7-m/nofp\libm.a
END GROUP
LOAD CMakeFiles/STM32F103_CMake_Demo.dir/Core/Src/main.c.obj
LOAD CMakeFiles/STM32F103_CMake_Demo.dir/Core/Src/gpio.c.obj
LOAD CMakeFiles/STM32F103_CMake_Demo.dir/Core/Src/dma.c.obj
LOAD CMakeFiles/STM32F103_CMake_Demo.dir/Core/Src/tim.c.obj
LOAD CMakeFiles/STM32F103_CMake_Demo.dir/Core/Src/stm32f1xx_it.c.obj
LOAD CMakeFiles/STM32F103_CMake_Demo.dir/Core/Src/stm32f1xx_hal_msp.c.obj
LOAD CMakeFiles/STM32F103_CMake_Demo.dir/Drivers/STM32F1xx_HAL_Driver/Src/stm32f1xx_hal_gpio_ex.c.obj
LOAD CMakeFiles/STM32F103_CMake_Demo.dir/Drivers/STM32F1xx_HAL_Driver/Src/stm32f1xx_hal_tim.c.obj
LOAD CMakeFiles/STM32F103_CMake_Demo.dir/Drivers/STM32F1xx_HAL_Driver/Src/stm32f1xx_hal_tim_ex.c.obj
LOAD CMakeFiles/STM32F103_CMake_Demo.dir/Drivers/STM32F1xx_HAL_Driver/Src/stm32f1xx_hal.c.obj
LOAD CMakeFiles/STM32F103_CMake_Demo.dir/Drivers/STM32F1xx_HAL_Driver/Src/stm32f1xx_hal_rcc.c.obj
LOAD CMakeFiles/STM32F103_CMake_Demo.dir/Drivers/STM32F1xx_HAL_Driver/Src/stm32f1xx_hal_rcc_ex.c.obj
LOAD CMakeFiles/STM32F103_CMake_Demo.dir/Drivers/STM32F1xx_HAL_Driver/Src/stm32f1xx_hal_gpio.c.obj
LOAD CMakeFiles/STM32F103_CMake_Demo.dir/Drivers/STM32F1xx_HAL_Driver/Src/stm32f1xx_hal_dma.c.obj
LOAD CMakeFiles/STM32F103_CMake_Demo.dir/Drivers/STM32F1xx_HAL_Driver/Src/stm32f1xx_hal_cortex.c.obj
LOAD CMakeFiles/STM32F103_CMake_Demo.dir/Drivers/STM32F1xx_HAL_Driver/Src/stm32f1xx_hal_pwr.c.obj
LOAD CMakeFiles/STM32F103_CMake_Demo.dir/Drivers/STM32F1xx_HAL_Driver/Src/stm32f1xx_hal_flash.c.obj
LOAD CMakeFiles/STM32F103_CMake_Demo.dir/Drivers/STM32F1xx_HAL_Driver/Src/stm32f1xx_hal_flash_ex.c.obj
LOAD CMakeFiles/STM32F103_CMake_Demo.dir/Drivers/STM32F1xx_HAL_Driver/Src/stm32f1xx_hal_exti.c.obj
LOAD CMakeFiles/STM32F103_CMake_Demo.dir/Core/Src/system_stm32f1xx.c.obj
LOAD CMakeFiles/STM32F103_CMake_Demo.dir/Core/Src/sysmem.c.obj
LOAD CMakeFiles/STM32F103_CMake_Demo.dir/Core/Src/syscalls.c.obj
LOAD CMakeFiles/STM32F103_CMake_Demo.dir/startup_stm32f103xb.s.obj
START GROUP
LOAD C:/Program Files/STMicroelectronics/STM32CubeCLT_1.16.0/GNU-tools-for-STM32/bin/../lib/gcc/arm-none-eabi/12.3.1/thumb/v7-m/nofp\libgcc.a
LOAD C:/Program Files/STMicroelectronics/STM32CubeCLT_1.16.0/GNU-tools-for-STM32/bin/../lib/gcc/arm-none-eabi/12.3.1/../../../../arm-none-eabi/lib/thumb/v7-m/nofp\libg_nano.a
LOAD C:/Program Files/STMicroelectronics/STM32CubeCLT_1.16.0/GNU-tools-for-STM32/bin/../lib/gcc/arm-none-eabi/12.3.1/../../../../arm-none-eabi/lib/thumb/v7-m/nofp\libc_nano.a
END GROUP
START GROUP
LOAD C:/Program Files/STMicroelectronics/STM32CubeCLT_1.16.0/GNU-tools-for-STM32/bin/../lib/gcc/arm-none-eabi/12.3.1/thumb/v7-m/nofp\libgcc.a
LOAD C:/Program Files/STMicroelectronics/STM32CubeCLT_1.16.0/GNU-tools-for-STM32/bin/../lib/gcc/arm-none-eabi/12.3.1/../../../../arm-none-eabi/lib/thumb/v7-m/nofp\libc_nano.a
END GROUP
LOAD C:/Program Files/STMicroelectronics/STM32CubeCLT_1.16.0/GNU-tools-for-STM32/bin/../lib/gcc/arm-none-eabi/12.3.1/thumb/v7-m/nofp/crtend.o
LOAD C:/Program Files/STMicroelectronics/STM32CubeCLT_1.16.0/GNU-tools-for-STM32/bin/../lib/gcc/arm-none-eabi/12.3.1/thumb/v7-m/nofp/crtn.o
                0x20005000                        _estack = (ORIGIN (RAM) + LENGTH (RAM))
                0x00000200                        _Min_Heap_Size = 0x200
                0x00000400                        _Min_Stack_Size = 0x400

.isr_vector     0x08000000      0x10c
                0x08000000                        . = ALIGN (0x4)
 *(.isr_vector)
 .isr_vector    0x08000000      0x10c CMakeFiles/STM32F103_CMake_Demo.dir/startup_stm32f103xb.s.obj
                0x08000000                g_pfnVectors
                0x0800010c                        . = ALIGN (0x4)

.text           0x0800010c     0x1ff8
                0x0800010c                        . = ALIGN (0x4)
 *(.text)
 .text          0x0800010c       0x40 C:/Program Files/STMicroelectronics/STM32CubeCLT_1.16.0/GNU-tools-for-STM32/bin/../lib/gcc/arm-none-eabi/12.3.1/thumb/v7-m/nofp/crtbegin.o
 *(.text*)
 .text.memset   0x0800014c       0x10 C:/Program Files/STMicroelectronics/STM32CubeCLT_1.16.0/GNU-tools-for-STM32/bin/../lib/gcc/arm-none-eabi/12.3.1/../../../../arm-none-eabi/lib/thumb/v7-m/nofp\libc_nano.a(libc_a-memset.o)
                0x0800014c                memset
 .text.__libc_init_array
                0x0800015c       0x48 C:/Program Files/STMicroelectronics/STM32CubeCLT_1.16.0/GNU-tools-for-STM32/bin/../lib/gcc/arm-none-eabi/12.3.1/../../../../arm-none-eabi/lib/thumb/v7-m/nofp\libc_nano.a(libc_a-init.o)
                0x0800015c                __libc_init_array
 .text.main     0x080001a4       0x90 CMakeFiles/STM32F103_CMake_Demo.dir/Core/Src/main.c.obj
                0x080001a4                main
 .text.SystemClock_Config
                0x08000234       0x8a CMakeFiles/STM32F103_CMake_Demo.dir/Core/Src/main.c.obj
                0x08000234                SystemClock_Config
 .text.Error_Handler
                0x080002be        0xc CMakeFiles/STM32F103_CMake_Demo.dir/Core/Src/main.c.obj
                0x080002be                Error_Handler
 *fill*         0x080002ca        0x2 
 .text.MX_GPIO_Init
                0x080002cc       0x98 CMakeFiles/STM32F103_CMake_Demo.dir/Core/Src/gpio.c.obj
                0x080002cc                MX_GPIO_Init
 .text.MX_DMA_Init
                0x08000364       0x3c CMakeFiles/STM32F103_CMake_Demo.dir/Core/Src/dma.c.obj
                0x08000364                MX_DMA_Init
 .text.MX_TIM1_Init
                0x080003a0      0x150 CMakeFiles/STM32F103_CMake_Demo.dir/Core/Src/tim.c.obj
                0x080003a0                MX_TIM1_Init
 .text.HAL_TIM_PWM_MspInit
                0x080004f0       0x94 CMakeFiles/STM32F103_CMake_Demo.dir/Core/Src/tim.c.obj
                0x080004f0                HAL_TIM_PWM_MspInit
 .text.HAL_TIM_MspPostInit
                0x08000584       0x68 CMakeFiles/STM32F103_CMake_Demo.dir/Core/Src/tim.c.obj
                0x08000584                HAL_TIM_MspPostInit
 .text.NMI_Handler
                0x080005ec        0x8 CMakeFiles/STM32F103_CMake_Demo.dir/Core/Src/stm32f1xx_it.c.obj
                0x080005ec                NMI_Handler
 .text.HardFault_Handler
                0x080005f4        0x8 CMakeFiles/STM32F103_CMake_Demo.dir/Core/Src/stm32f1xx_it.c.obj
                0x080005f4                HardFault_Handler
 .text.MemManage_Handler
                0x080005fc        0x8 CMakeFiles/STM32F103_CMake_Demo.dir/Core/Src/stm32f1xx_it.c.obj
                0x080005fc                MemManage_Handler
 .text.BusFault_Handler
                0x08000604        0x8 CMakeFiles/STM32F103_CMake_Demo.dir/Core/Src/stm32f1xx_it.c.obj
                0x08000604                BusFault_Handler
 .text.UsageFault_Handler
                0x0800060c        0x8 CMakeFiles/STM32F103_CMake_Demo.dir/Core/Src/stm32f1xx_it.c.obj
                0x0800060c                UsageFault_Handler
 .text.SVC_Handler
                0x08000614        0xc CMakeFiles/STM32F103_CMake_Demo.dir/Core/Src/stm32f1xx_it.c.obj
                0x08000614                SVC_Handler
 .text.DebugMon_Handler
                0x08000620        0xc CMakeFiles/STM32F103_CMake_Demo.dir/Core/Src/stm32f1xx_it.c.obj
                0x08000620                DebugMon_Handler
 .text.PendSV_Handler
                0x0800062c        0xc CMakeFiles/STM32F103_CMake_Demo.dir/Core/Src/stm32f1xx_it.c.obj
                0x0800062c                PendSV_Handler
 .text.SysTick_Handler
                0x08000638        0xc CMakeFiles/STM32F103_CMake_Demo.dir/Core/Src/stm32f1xx_it.c.obj
                0x08000638                SysTick_Handler
 .text.DMA1_Channel2_IRQHandler
                0x08000644       0x14 CMakeFiles/STM32F103_CMake_Demo.dir/Core/Src/stm32f1xx_it.c.obj
                0x08000644                DMA1_Channel2_IRQHandler
 .text.HAL_MspInit
                0x08000658       0x64 CMakeFiles/STM32F103_CMake_Demo.dir/Core/Src/stm32f1xx_hal_msp.c.obj
                0x08000658                HAL_MspInit
 .text.HAL_TIM_PWM_Init
                0x080006bc       0x9e CMakeFiles/STM32F103_CMake_Demo.dir/Drivers/STM32F1xx_HAL_Driver/Src/stm32f1xx_hal_tim.c.obj
                0x080006bc                HAL_TIM_PWM_Init
 *fill*         0x0800075a        0x2 
 .text.HAL_TIM_PWM_Start
                0x0800075c      0x144 CMakeFiles/STM32F103_CMake_Demo.dir/Drivers/STM32F1xx_HAL_Driver/Src/stm32f1xx_hal_tim.c.obj
                0x0800075c                HAL_TIM_PWM_Start
 .text.HAL_TIM_PWM_ConfigChannel
                0x080008a0      0x184 CMakeFiles/STM32F103_CMake_Demo.dir/Drivers/STM32F1xx_HAL_Driver/Src/stm32f1xx_hal_tim.c.obj
                0x080008a0                HAL_TIM_PWM_ConfigChannel
 .text.TIM_Base_SetConfig
                0x08000a24       0xdc CMakeFiles/STM32F103_CMake_Demo.dir/Drivers/STM32F1xx_HAL_Driver/Src/stm32f1xx_hal_tim.c.obj
                0x08000a24                TIM_Base_SetConfig
 .text.TIM_OC1_SetConfig
                0x08000b00       0xcc CMakeFiles/STM32F103_CMake_Demo.dir/Drivers/STM32F1xx_HAL_Driver/Src/stm32f1xx_hal_tim.c.obj
 .text.TIM_OC2_SetConfig
                0x08000bcc       0xd4 CMakeFiles/STM32F103_CMake_Demo.dir/Drivers/STM32F1xx_HAL_Driver/Src/stm32f1xx_hal_tim.c.obj
                0x08000bcc                TIM_OC2_SetConfig
 .text.TIM_OC3_SetConfig
                0x08000ca0       0xd4 CMakeFiles/STM32F103_CMake_Demo.dir/Drivers/STM32F1xx_HAL_Driver/Src/stm32f1xx_hal_tim.c.obj
 .text.TIM_OC4_SetConfig
                0x08000d74       0x9c CMakeFiles/STM32F103_CMake_Demo.dir/Drivers/STM32F1xx_HAL_Driver/Src/stm32f1xx_hal_tim.c.obj
 .text.TIM_CCxChannelCmd
                0x08000e10       0x48 CMakeFiles/STM32F103_CMake_Demo.dir/Drivers/STM32F1xx_HAL_Driver/Src/stm32f1xx_hal_tim.c.obj
                0x08000e10                TIM_CCxChannelCmd
 .text.HAL_TIMEx_MasterConfigSynchronization
                0x08000e58       0xbc CMakeFiles/STM32F103_CMake_Demo.dir/Drivers/STM32F1xx_HAL_Driver/Src/stm32f1xx_hal_tim_ex.c.obj
                0x08000e58                HAL_TIMEx_MasterConfigSynchronization
 .text.HAL_TIMEx_ConfigBreakDeadTime
                0x08000f14       0xa2 CMakeFiles/STM32F103_CMake_Demo.dir/Drivers/STM32F1xx_HAL_Driver/Src/stm32f1xx_hal_tim_ex.c.obj
                0x08000f14                HAL_TIMEx_ConfigBreakDeadTime
 *fill*         0x08000fb6        0x2 
 .text.HAL_Init
                0x08000fb8       0x2c CMakeFiles/STM32F103_CMake_Demo.dir/Drivers/STM32F1xx_HAL_Driver/Src/stm32f1xx_hal.c.obj
                0x08000fb8                HAL_Init
 .text.HAL_InitTick
                0x08000fe4       0x60 CMakeFiles/STM32F103_CMake_Demo.dir/Drivers/STM32F1xx_HAL_Driver/Src/stm32f1xx_hal.c.obj
                0x08000fe4                HAL_InitTick
 .text.HAL_IncTick
                0x08001044       0x24 CMakeFiles/STM32F103_CMake_Demo.dir/Drivers/STM32F1xx_HAL_Driver/Src/stm32f1xx_hal.c.obj
                0x08001044                HAL_IncTick
 .text.HAL_GetTick
                0x08001068       0x14 CMakeFiles/STM32F103_CMake_Demo.dir/Drivers/STM32F1xx_HAL_Driver/Src/stm32f1xx_hal.c.obj
                0x08001068                HAL_GetTick
 .text.HAL_Delay
                0x0800107c       0x48 CMakeFiles/STM32F103_CMake_Demo.dir/Drivers/STM32F1xx_HAL_Driver/Src/stm32f1xx_hal.c.obj
                0x0800107c                HAL_Delay
 .text.HAL_RCC_OscConfig
                0x080010c4      0x504 CMakeFiles/STM32F103_CMake_Demo.dir/Drivers/STM32F1xx_HAL_Driver/Src/stm32f1xx_hal_rcc.c.obj
                0x080010c4                HAL_RCC_OscConfig
 .text.HAL_RCC_ClockConfig
                0x080015c8      0x1d4 CMakeFiles/STM32F103_CMake_Demo.dir/Drivers/STM32F1xx_HAL_Driver/Src/stm32f1xx_hal_rcc.c.obj
                0x080015c8                HAL_RCC_ClockConfig
 .text.HAL_RCC_GetSysClockFreq
                0x0800179c       0xa8 CMakeFiles/STM32F103_CMake_Demo.dir/Drivers/STM32F1xx_HAL_Driver/Src/stm32f1xx_hal_rcc.c.obj
                0x0800179c                HAL_RCC_GetSysClockFreq
 .text.RCC_Delay
                0x08001844       0x3c CMakeFiles/STM32F103_CMake_Demo.dir/Drivers/STM32F1xx_HAL_Driver/Src/stm32f1xx_hal_rcc.c.obj
 .text.HAL_GPIO_Init
                0x08001880      0x308 CMakeFiles/STM32F103_CMake_Demo.dir/Drivers/STM32F1xx_HAL_Driver/Src/stm32f1xx_hal_gpio.c.obj
                0x08001880                HAL_GPIO_Init
 .text.HAL_GPIO_WritePin
                0x08001b88       0x30 CMakeFiles/STM32F103_CMake_Demo.dir/Drivers/STM32F1xx_HAL_Driver/Src/stm32f1xx_hal_gpio.c.obj
                0x08001b88                HAL_GPIO_WritePin
 .text.HAL_DMA_Init
                0x08001bb8       0xb4 CMakeFiles/STM32F103_CMake_Demo.dir/Drivers/STM32F1xx_HAL_Driver/Src/stm32f1xx_hal_dma.c.obj
                0x08001bb8                HAL_DMA_Init
 .text.HAL_DMA_IRQHandler
                0x08001c6c      0x20c CMakeFiles/STM32F103_CMake_Demo.dir/Drivers/STM32F1xx_HAL_Driver/Src/stm32f1xx_hal_dma.c.obj
                0x08001c6c                HAL_DMA_IRQHandler
 .text.__NVIC_SetPriorityGrouping
                0x08001e78       0x48 CMakeFiles/STM32F103_CMake_Demo.dir/Drivers/STM32F1xx_HAL_Driver/Src/stm32f1xx_hal_cortex.c.obj
 .text.__NVIC_GetPriorityGrouping
                0x08001ec0       0x1c CMakeFiles/STM32F103_CMake_Demo.dir/Drivers/STM32F1xx_HAL_Driver/Src/stm32f1xx_hal_cortex.c.obj
 .text.__NVIC_EnableIRQ
                0x08001edc       0x38 CMakeFiles/STM32F103_CMake_Demo.dir/Drivers/STM32F1xx_HAL_Driver/Src/stm32f1xx_hal_cortex.c.obj
 .text.__NVIC_SetPriority
                0x08001f14       0x54 CMakeFiles/STM32F103_CMake_Demo.dir/Drivers/STM32F1xx_HAL_Driver/Src/stm32f1xx_hal_cortex.c.obj
 .text.NVIC_EncodePriority
                0x08001f68       0x64 CMakeFiles/STM32F103_CMake_Demo.dir/Drivers/STM32F1xx_HAL_Driver/Src/stm32f1xx_hal_cortex.c.obj
 .text.SysTick_Config
                0x08001fcc       0x44 CMakeFiles/STM32F103_CMake_Demo.dir/Drivers/STM32F1xx_HAL_Driver/Src/stm32f1xx_hal_cortex.c.obj
 .text.HAL_NVIC_SetPriorityGrouping
                0x08002010       0x16 CMakeFiles/STM32F103_CMake_Demo.dir/Drivers/STM32F1xx_HAL_Driver/Src/stm32f1xx_hal_cortex.c.obj
                0x08002010                HAL_NVIC_SetPriorityGrouping
 .text.HAL_NVIC_SetPriority
                0x08002026       0x38 CMakeFiles/STM32F103_CMake_Demo.dir/Drivers/STM32F1xx_HAL_Driver/Src/stm32f1xx_hal_cortex.c.obj
                0x08002026                HAL_NVIC_SetPriority
 .text.HAL_NVIC_EnableIRQ
                0x0800205e       0x1c CMakeFiles/STM32F103_CMake_Demo.dir/Drivers/STM32F1xx_HAL_Driver/Src/stm32f1xx_hal_cortex.c.obj
                0x0800205e                HAL_NVIC_EnableIRQ
 .text.HAL_SYSTICK_Config
                0x0800207a       0x18 CMakeFiles/STM32F103_CMake_Demo.dir/Drivers/STM32F1xx_HAL_Driver/Src/stm32f1xx_hal_cortex.c.obj
                0x0800207a                HAL_SYSTICK_Config
 .text.SystemInit
                0x08002092        0xc CMakeFiles/STM32F103_CMake_Demo.dir/Core/Src/system_stm32f1xx.c.obj
                0x08002092                SystemInit
 *fill*         0x0800209e        0x2 
 .text.Reset_Handler
                0x080020a0       0x48 CMakeFiles/STM32F103_CMake_Demo.dir/startup_stm32f103xb.s.obj
                0x080020a0                Reset_Handler
 .text.Default_Handler
                0x080020e8        0x2 CMakeFiles/STM32F103_CMake_Demo.dir/startup_stm32f103xb.s.obj
                0x080020e8                RTC_Alarm_IRQHandler
                0x080020e8                EXTI2_IRQHandler
                0x080020e8                TIM1_CC_IRQHandler
                0x080020e8                PVD_IRQHandler
                0x080020e8                EXTI3_IRQHandler
                0x080020e8                EXTI0_IRQHandler
                0x080020e8                I2C2_EV_IRQHandler
                0x080020e8                ADC1_2_IRQHandler
                0x080020e8                SPI1_IRQHandler
                0x080020e8                TAMPER_IRQHandler
                0x080020e8                DMA1_Channel4_IRQHandler
                0x080020e8                USART3_IRQHandler
                0x080020e8                RTC_IRQHandler
                0x080020e8                DMA1_Channel7_IRQHandler
                0x080020e8                CAN1_RX1_IRQHandler
                0x080020e8                TIM4_IRQHandler
                0x080020e8                I2C1_EV_IRQHandler
                0x080020e8                DMA1_Channel6_IRQHandler
                0x080020e8                TIM3_IRQHandler
                0x080020e8                RCC_IRQHandler
                0x080020e8                TIM1_TRG_COM_IRQHandler
                0x080020e8                DMA1_Channel1_IRQHandler
                0x080020e8                Default_Handler
                0x080020e8                EXTI15_10_IRQHandler
                0x080020e8                EXTI9_5_IRQHandler
                0x080020e8                SPI2_IRQHandler
                0x080020e8                DMA1_Channel5_IRQHandler
                0x080020e8                EXTI4_IRQHandler
                0x080020e8                USB_LP_CAN1_RX0_IRQHandler
                0x080020e8                USB_HP_CAN1_TX_IRQHandler
                0x080020e8                DMA1_Channel3_IRQHandler
                0x080020e8                TIM1_UP_IRQHandler
                0x080020e8                WWDG_IRQHandler
                0x080020e8                TIM2_IRQHandler
                0x080020e8                TIM1_BRK_IRQHandler
                0x080020e8                EXTI1_IRQHandler
                0x080020e8                USART2_IRQHandler
                0x080020e8                I2C2_ER_IRQHandler
                0x080020e8                CAN1_SCE_IRQHandler
                0x080020e8                FLASH_IRQHandler
                0x080020e8                USART1_IRQHandler
                0x080020e8                I2C1_ER_IRQHandler
                0x080020e8                USBWakeUp_IRQHandler
 *(.glue_7)
 .glue_7        0x080020ea        0x0 linker stubs
 *(.glue_7t)
 .glue_7t       0x080020ea        0x0 linker stubs
 *(.eh_frame)
 *fill*         0x080020ea        0x2 
 .eh_frame      0x080020ec        0x0 C:/Program Files/STMicroelectronics/STM32CubeCLT_1.16.0/GNU-tools-for-STM32/bin/../lib/gcc/arm-none-eabi/12.3.1/thumb/v7-m/nofp/crtbegin.o
 *(.init)
 .init          0x080020ec        0x4 C:/Program Files/STMicroelectronics/STM32CubeCLT_1.16.0/GNU-tools-for-STM32/bin/../lib/gcc/arm-none-eabi/12.3.1/thumb/v7-m/nofp/crti.o
                0x080020ec                _init
 .init          0x080020f0        0x8 C:/Program Files/STMicroelectronics/STM32CubeCLT_1.16.0/GNU-tools-for-STM32/bin/../lib/gcc/arm-none-eabi/12.3.1/thumb/v7-m/nofp/crtn.o
 *(.fini)
 .fini          0x080020f8        0x4 C:/Program Files/STMicroelectronics/STM32CubeCLT_1.16.0/GNU-tools-for-STM32/bin/../lib/gcc/arm-none-eabi/12.3.1/thumb/v7-m/nofp/crti.o
                0x080020f8                _fini
 .fini          0x080020fc        0x8 C:/Program Files/STMicroelectronics/STM32CubeCLT_1.16.0/GNU-tools-for-STM32/bin/../lib/gcc/arm-none-eabi/12.3.1/thumb/v7-m/nofp/crtn.o
                0x08002104                        . = ALIGN (0x4)
                0x08002104                        _etext = .

.vfp11_veneer   0x08002104        0x0
 .vfp11_veneer  0x08002104        0x0 linker stubs

.v4_bx          0x08002104        0x0
 .v4_bx         0x08002104        0x0 linker stubs

.iplt           0x08002104        0x0
 .iplt          0x08002104        0x0 C:/Program Files/STMicroelectronics/STM32CubeCLT_1.16.0/GNU-tools-for-STM32/bin/../lib/gcc/arm-none-eabi/12.3.1/thumb/v7-m/nofp/crtbegin.o

.rodata         0x08002104       0x24
                0x08002104                        . = ALIGN (0x4)
 *(.rodata)
 *(.rodata*)
 .rodata.aPLLMULFactorTable.1
                0x08002104       0x10 CMakeFiles/STM32F103_CMake_Demo.dir/Drivers/STM32F1xx_HAL_Driver/Src/stm32f1xx_hal_rcc.c.obj
 .rodata.aPredivFactorTable.0
                0x08002114        0x2 CMakeFiles/STM32F103_CMake_Demo.dir/Drivers/STM32F1xx_HAL_Driver/Src/stm32f1xx_hal_rcc.c.obj
 *fill*         0x08002116        0x2 
 .rodata.AHBPrescTable
                0x08002118       0x10 CMakeFiles/STM32F103_CMake_Demo.dir/Core/Src/system_stm32f1xx.c.obj
                0x08002118                AHBPrescTable
                0x08002128                        . = ALIGN (0x4)

.rel.dyn        0x08002128        0x0
 .rel.iplt      0x08002128        0x0 C:/Program Files/STMicroelectronics/STM32CubeCLT_1.16.0/GNU-tools-for-STM32/bin/../lib/gcc/arm-none-eabi/12.3.1/thumb/v7-m/nofp/crtbegin.o

.ARM.extab
 *(.ARM.extab* .gnu.linkonce.armextab.*)

.ARM            0x08002128        0x0
                0x08002128                        __exidx_start = .
 *(.ARM.exidx*)
                0x08002128                        __exidx_end = .

.preinit_array  0x08002128        0x0
                0x08002128                        PROVIDE (__preinit_array_start = .)
 *(.preinit_array*)
                0x08002128                        PROVIDE (__preinit_array_end = .)

.init_array     0x08002128        0x4
                0x08002128                        PROVIDE (__init_array_start = .)
 *(SORT_BY_NAME(.init_array.*))
 *(.init_array*)
 .init_array    0x08002128        0x4 C:/Program Files/STMicroelectronics/STM32CubeCLT_1.16.0/GNU-tools-for-STM32/bin/../lib/gcc/arm-none-eabi/12.3.1/thumb/v7-m/nofp/crtbegin.o
                0x0800212c                        PROVIDE (__init_array_end = .)

.fini_array     0x0800212c        0x4
                [!provide]                        PROVIDE (__fini_array_start = .)
 *(SORT_BY_NAME(.fini_array.*))
 *(.fini_array*)
 .fini_array    0x0800212c        0x4 C:/Program Files/STMicroelectronics/STM32CubeCLT_1.16.0/GNU-tools-for-STM32/bin/../lib/gcc/arm-none-eabi/12.3.1/thumb/v7-m/nofp/crtbegin.o
                [!provide]                        PROVIDE (__fini_array_end = .)
                0x08002130                        _sidata = LOADADDR (.data)

.data           0x20000000        0xc load address 0x08002130
                0x20000000                        . = ALIGN (0x4)
                0x20000000                        _sdata = .
 *(.data)
 *(.data*)
 .data.uwTickPrio
                0x20000000        0x4 CMakeFiles/STM32F103_CMake_Demo.dir/Drivers/STM32F1xx_HAL_Driver/Src/stm32f1xx_hal.c.obj
                0x20000000                uwTickPrio
 .data.uwTickFreq
                0x20000004        0x1 CMakeFiles/STM32F103_CMake_Demo.dir/Drivers/STM32F1xx_HAL_Driver/Src/stm32f1xx_hal.c.obj
                0x20000004                uwTickFreq
 *fill*         0x20000005        0x3 
 .data.SystemCoreClock
                0x20000008        0x4 CMakeFiles/STM32F103_CMake_Demo.dir/Core/Src/system_stm32f1xx.c.obj
                0x20000008                SystemCoreClock
                0x2000000c                        . = ALIGN (0x4)
                0x2000000c                        _edata = .

.igot.plt       0x2000000c        0x0 load address 0x0800213c
 .igot.plt      0x2000000c        0x0 C:/Program Files/STMicroelectronics/STM32CubeCLT_1.16.0/GNU-tools-for-STM32/bin/../lib/gcc/arm-none-eabi/12.3.1/thumb/v7-m/nofp/crtbegin.o
                0x2000000c                        . = ALIGN (0x4)

.bss            0x2000000c       0xac load address 0x0800213c
                0x2000000c                        _sbss = .
                0x2000000c                        __bss_start__ = _sbss
 *(.bss)
 .bss           0x2000000c       0x1c C:/Program Files/STMicroelectronics/STM32CubeCLT_1.16.0/GNU-tools-for-STM32/bin/../lib/gcc/arm-none-eabi/12.3.1/thumb/v7-m/nofp/crtbegin.o
 *(.bss*)
 .bss.htim1     0x20000028       0x48 CMakeFiles/STM32F103_CMake_Demo.dir/Core/Src/tim.c.obj
                0x20000028                htim1
 .bss.hdma_tim1_ch1
                0x20000070       0x44 CMakeFiles/STM32F103_CMake_Demo.dir/Core/Src/tim.c.obj
                0x20000070                hdma_tim1_ch1
 .bss.uwTick    0x200000b4        0x4 CMakeFiles/STM32F103_CMake_Demo.dir/Drivers/STM32F1xx_HAL_Driver/Src/stm32f1xx_hal.c.obj
                0x200000b4                uwTick
 *(COMMON)
                0x200000b8                        . = ALIGN (0x4)
                0x200000b8                        _ebss = .
                0x200000b8                        __bss_end__ = _ebss

._user_heap_stack
                0x200000b8      0x600 load address 0x0800213c
                0x200000b8                        . = ALIGN (0x8)
                [!provide]                        PROVIDE (end = .)
                0x200000b8                        PROVIDE (_end = .)
                0x200002b8                        . = (. + _Min_Heap_Size)
 *fill*         0x200000b8      0x200 
                0x200006b8                        . = (. + _Min_Stack_Size)
 *fill*         0x200002b8      0x400 
                0x200006b8                        . = ALIGN (0x8)

/DISCARD/
 libc.a(*)
 libm.a(*)
 libgcc.a(*)

.ARM.attributes
                0x00000000       0x29
 *(.ARM.attributes)
 .ARM.attributes
                0x00000000       0x1d C:/Program Files/STMicroelectronics/STM32CubeCLT_1.16.0/GNU-tools-for-STM32/bin/../lib/gcc/arm-none-eabi/12.3.1/thumb/v7-m/nofp/crti.o
 .ARM.attributes
                0x0000001d       0x2d C:/Program Files/STMicroelectronics/STM32CubeCLT_1.16.0/GNU-tools-for-STM32/bin/../lib/gcc/arm-none-eabi/12.3.1/thumb/v7-m/nofp/crtbegin.o
 .ARM.attributes
                0x0000004a       0x2d C:/Program Files/STMicroelectronics/STM32CubeCLT_1.16.0/GNU-tools-for-STM32/bin/../lib/gcc/arm-none-eabi/12.3.1/../../../../arm-none-eabi/lib/thumb/v7-m/nofp\libc_nano.a(libc_a-memset.o)
 .ARM.attributes
                0x00000077       0x2d C:/Program Files/STMicroelectronics/STM32CubeCLT_1.16.0/GNU-tools-for-STM32/bin/../lib/gcc/arm-none-eabi/12.3.1/../../../../arm-none-eabi/lib/thumb/v7-m/nofp\libc_nano.a(libc_a-init.o)
 .ARM.attributes
                0x000000a4       0x2d CMakeFiles/STM32F103_CMake_Demo.dir/Core/Src/main.c.obj
 .ARM.attributes
                0x000000d1       0x2d CMakeFiles/STM32F103_CMake_Demo.dir/Core/Src/gpio.c.obj
 .ARM.attributes
                0x000000fe       0x2d CMakeFiles/STM32F103_CMake_Demo.dir/Core/Src/dma.c.obj
 .ARM.attributes
                0x0000012b       0x2d CMakeFiles/STM32F103_CMake_Demo.dir/Core/Src/tim.c.obj
 .ARM.attributes
                0x00000158       0x2d CMakeFiles/STM32F103_CMake_Demo.dir/Core/Src/stm32f1xx_it.c.obj
 .ARM.attributes
                0x00000185       0x2d CMakeFiles/STM32F103_CMake_Demo.dir/Core/Src/stm32f1xx_hal_msp.c.obj
 .ARM.attributes
                0x000001b2       0x2d CMakeFiles/STM32F103_CMake_Demo.dir/Drivers/STM32F1xx_HAL_Driver/Src/stm32f1xx_hal_tim.c.obj
 .ARM.attributes
                0x000001df       0x2d CMakeFiles/STM32F103_CMake_Demo.dir/Drivers/STM32F1xx_HAL_Driver/Src/stm32f1xx_hal_tim_ex.c.obj
 .ARM.attributes
                0x0000020c       0x2d CMakeFiles/STM32F103_CMake_Demo.dir/Drivers/STM32F1xx_HAL_Driver/Src/stm32f1xx_hal.c.obj
 .ARM.attributes
                0x00000239       0x2d CMakeFiles/STM32F103_CMake_Demo.dir/Drivers/STM32F1xx_HAL_Driver/Src/stm32f1xx_hal_rcc.c.obj
 .ARM.attributes
                0x00000266       0x2d CMakeFiles/STM32F103_CMake_Demo.dir/Drivers/STM32F1xx_HAL_Driver/Src/stm32f1xx_hal_gpio.c.obj
 .ARM.attributes
                0x00000293       0x2d CMakeFiles/STM32F103_CMake_Demo.dir/Drivers/STM32F1xx_HAL_Driver/Src/stm32f1xx_hal_dma.c.obj
 .ARM.attributes
                0x000002c0       0x2d CMakeFiles/STM32F103_CMake_Demo.dir/Drivers/STM32F1xx_HAL_Driver/Src/stm32f1xx_hal_cortex.c.obj
 .ARM.attributes
                0x000002ed       0x2d CMakeFiles/STM32F103_CMake_Demo.dir/Core/Src/system_stm32f1xx.c.obj
 .ARM.attributes
                0x0000031a       0x21 CMakeFiles/STM32F103_CMake_Demo.dir/startup_stm32f103xb.s.obj
 .ARM.attributes
                0x0000033b       0x1d C:/Program Files/STMicroelectronics/STM32CubeCLT_1.16.0/GNU-tools-for-STM32/bin/../lib/gcc/arm-none-eabi/12.3.1/thumb/v7-m/nofp/crtn.o
OUTPUT(STM32F103_CMake_Demo.elf elf32-littlearm)
LOAD linker stubs
LOAD C:/Program Files/STMicroelectronics/STM32CubeCLT_1.16.0/GNU-tools-for-STM32/bin/../lib/gcc/arm-none-eabi/12.3.1/../../../../arm-none-eabi/lib/thumb/v7-m/nofp\libc.a
LOAD C:/Program Files/STMicroelectronics/STM32CubeCLT_1.16.0/GNU-tools-for-STM32/bin/../lib/gcc/arm-none-eabi/12.3.1/../../../../arm-none-eabi/lib/thumb/v7-m/nofp\libm.a
LOAD C:/Program Files/STMicroelectronics/STM32CubeCLT_1.16.0/GNU-tools-for-STM32/bin/../lib/gcc/arm-none-eabi/12.3.1/thumb/v7-m/nofp\libgcc.a

.debug_frame    0x00000000     0x2828
 .debug_frame   0x00000000       0x20 C:/Program Files/STMicroelectronics/STM32CubeCLT_1.16.0/GNU-tools-for-STM32/bin/../lib/gcc/arm-none-eabi/12.3.1/../../../../arm-none-eabi/lib/thumb/v7-m/nofp\libc_nano.a(libc_a-memset.o)
 .debug_frame   0x00000020       0x2c C:/Program Files/STMicroelectronics/STM32CubeCLT_1.16.0/GNU-tools-for-STM32/bin/../lib/gcc/arm-none-eabi/12.3.1/../../../../arm-none-eabi/lib/thumb/v7-m/nofp\libc_nano.a(libc_a-init.o)
 .debug_frame   0x0000004c       0x6c CMakeFiles/STM32F103_CMake_Demo.dir/Core/Src/main.c.obj
 .debug_frame   0x000000b8       0x34 CMakeFiles/STM32F103_CMake_Demo.dir/Core/Src/gpio.c.obj
 .debug_frame   0x000000ec       0x34 CMakeFiles/STM32F103_CMake_Demo.dir/Core/Src/dma.c.obj
 .debug_frame   0x00000120       0xa0 CMakeFiles/STM32F103_CMake_Demo.dir/Core/Src/tim.c.obj
 .debug_frame   0x000001c0      0x120 CMakeFiles/STM32F103_CMake_Demo.dir/Core/Src/stm32f1xx_it.c.obj
 .debug_frame   0x000002e0       0x38 CMakeFiles/STM32F103_CMake_Demo.dir/Core/Src/stm32f1xx_hal_msp.c.obj
 .debug_frame   0x00000318     0x11b8 CMakeFiles/STM32F103_CMake_Demo.dir/Drivers/STM32F1xx_HAL_Driver/Src/stm32f1xx_hal_tim.c.obj
 .debug_frame   0x000014d0      0x638 CMakeFiles/STM32F103_CMake_Demo.dir/Drivers/STM32F1xx_HAL_Driver/Src/stm32f1xx_hal_tim_ex.c.obj
 .debug_frame   0x00001b08      0x334 CMakeFiles/STM32F103_CMake_Demo.dir/Drivers/STM32F1xx_HAL_Driver/Src/stm32f1xx_hal.c.obj
 .debug_frame   0x00001e3c      0x218 CMakeFiles/STM32F103_CMake_Demo.dir/Drivers/STM32F1xx_HAL_Driver/Src/stm32f1xx_hal_rcc.c.obj
 .debug_frame   0x00002054      0x14c CMakeFiles/STM32F103_CMake_Demo.dir/Drivers/STM32F1xx_HAL_Driver/Src/stm32f1xx_hal_gpio.c.obj
 .debug_frame   0x000021a0      0x208 CMakeFiles/STM32F103_CMake_Demo.dir/Drivers/STM32F1xx_HAL_Driver/Src/stm32f1xx_hal_dma.c.obj
 .debug_frame   0x000023a8      0x428 CMakeFiles/STM32F103_CMake_Demo.dir/Drivers/STM32F1xx_HAL_Driver/Src/stm32f1xx_hal_cortex.c.obj
 .debug_frame   0x000027d0       0x58 CMakeFiles/STM32F103_CMake_Demo.dir/Core/Src/system_stm32f1xx.c.obj

.debug_info     0x00000000     0x84af
 .debug_info    0x00000000      0x930 CMakeFiles/STM32F103_CMake_Demo.dir/Core/Src/main.c.obj
 .debug_info    0x00000930      0x2b7 CMakeFiles/STM32F103_CMake_Demo.dir/Core/Src/gpio.c.obj
 .debug_info    0x00000be7      0x2cf CMakeFiles/STM32F103_CMake_Demo.dir/Core/Src/dma.c.obj
 .debug_info    0x00000eb6      0xa87 CMakeFiles/STM32F103_CMake_Demo.dir/Core/Src/tim.c.obj
 .debug_info    0x0000193d      0x35e CMakeFiles/STM32F103_CMake_Demo.dir/Core/Src/stm32f1xx_it.c.obj
 .debug_info    0x00001c9b      0x1f1 CMakeFiles/STM32F103_CMake_Demo.dir/Core/Src/stm32f1xx_hal_msp.c.obj
 .debug_info    0x00001e8c     0x2959 CMakeFiles/STM32F103_CMake_Demo.dir/Drivers/STM32F1xx_HAL_Driver/Src/stm32f1xx_hal_tim.c.obj
 .debug_info    0x000047e5     0x149b CMakeFiles/STM32F103_CMake_Demo.dir/Drivers/STM32F1xx_HAL_Driver/Src/stm32f1xx_hal_tim_ex.c.obj
 .debug_info    0x00005c80      0x704 CMakeFiles/STM32F103_CMake_Demo.dir/Drivers/STM32F1xx_HAL_Driver/Src/stm32f1xx_hal.c.obj
 .debug_info    0x00006384      0x7d5 CMakeFiles/STM32F103_CMake_Demo.dir/Drivers/STM32F1xx_HAL_Driver/Src/stm32f1xx_hal_rcc.c.obj
 .debug_info    0x00006b59      0x5ab CMakeFiles/STM32F103_CMake_Demo.dir/Drivers/STM32F1xx_HAL_Driver/Src/stm32f1xx_hal_gpio.c.obj
 .debug_info    0x00007104      0x6d2 CMakeFiles/STM32F103_CMake_Demo.dir/Drivers/STM32F1xx_HAL_Driver/Src/stm32f1xx_hal_dma.c.obj
 .debug_info    0x000077d6      0xa87 CMakeFiles/STM32F103_CMake_Demo.dir/Drivers/STM32F1xx_HAL_Driver/Src/stm32f1xx_hal_cortex.c.obj
 .debug_info    0x0000825d      0x222 CMakeFiles/STM32F103_CMake_Demo.dir/Core/Src/system_stm32f1xx.c.obj
 .debug_info    0x0000847f       0x30 CMakeFiles/STM32F103_CMake_Demo.dir/startup_stm32f103xb.s.obj

.debug_abbrev   0x00000000     0x1ada
 .debug_abbrev  0x00000000      0x250 CMakeFiles/STM32F103_CMake_Demo.dir/Core/Src/main.c.obj
 .debug_abbrev  0x00000250      0x13f CMakeFiles/STM32F103_CMake_Demo.dir/Core/Src/gpio.c.obj
 .debug_abbrev  0x0000038f       0xfc CMakeFiles/STM32F103_CMake_Demo.dir/Core/Src/dma.c.obj
 .debug_abbrev  0x0000048b      0x229 CMakeFiles/STM32F103_CMake_Demo.dir/Core/Src/tim.c.obj
 .debug_abbrev  0x000006b4      0x16e CMakeFiles/STM32F103_CMake_Demo.dir/Core/Src/stm32f1xx_it.c.obj
 .debug_abbrev  0x00000822       0xdb CMakeFiles/STM32F103_CMake_Demo.dir/Core/Src/stm32f1xx_hal_msp.c.obj
 .debug_abbrev  0x000008fd      0x277 CMakeFiles/STM32F103_CMake_Demo.dir/Drivers/STM32F1xx_HAL_Driver/Src/stm32f1xx_hal_tim.c.obj
 .debug_abbrev  0x00000b74      0x282 CMakeFiles/STM32F103_CMake_Demo.dir/Drivers/STM32F1xx_HAL_Driver/Src/stm32f1xx_hal_tim_ex.c.obj
 .debug_abbrev  0x00000df6      0x201 CMakeFiles/STM32F103_CMake_Demo.dir/Drivers/STM32F1xx_HAL_Driver/Src/stm32f1xx_hal.c.obj
 .debug_abbrev  0x00000ff7      0x2b3 CMakeFiles/STM32F103_CMake_Demo.dir/Drivers/STM32F1xx_HAL_Driver/Src/stm32f1xx_hal_rcc.c.obj
 .debug_abbrev  0x000012aa      0x1ca CMakeFiles/STM32F103_CMake_Demo.dir/Drivers/STM32F1xx_HAL_Driver/Src/stm32f1xx_hal_gpio.c.obj
 .debug_abbrev  0x00001474      0x20b CMakeFiles/STM32F103_CMake_Demo.dir/Drivers/STM32F1xx_HAL_Driver/Src/stm32f1xx_hal_dma.c.obj
 .debug_abbrev  0x0000167f      0x2f8 CMakeFiles/STM32F103_CMake_Demo.dir/Drivers/STM32F1xx_HAL_Driver/Src/stm32f1xx_hal_cortex.c.obj
 .debug_abbrev  0x00001977      0x13f CMakeFiles/STM32F103_CMake_Demo.dir/Core/Src/system_stm32f1xx.c.obj
 .debug_abbrev  0x00001ab6       0x24 CMakeFiles/STM32F103_CMake_Demo.dir/startup_stm32f103xb.s.obj

.debug_aranges  0x00000000      0xa00
 .debug_aranges
                0x00000000       0x30 CMakeFiles/STM32F103_CMake_Demo.dir/Core/Src/main.c.obj
 .debug_aranges
                0x00000030       0x20 CMakeFiles/STM32F103_CMake_Demo.dir/Core/Src/gpio.c.obj
 .debug_aranges
                0x00000050       0x20 CMakeFiles/STM32F103_CMake_Demo.dir/Core/Src/dma.c.obj
 .debug_aranges
                0x00000070       0x38 CMakeFiles/STM32F103_CMake_Demo.dir/Core/Src/tim.c.obj
 .debug_aranges
                0x000000a8       0x68 CMakeFiles/STM32F103_CMake_Demo.dir/Core/Src/stm32f1xx_it.c.obj
 .debug_aranges
                0x00000110       0x20 CMakeFiles/STM32F103_CMake_Demo.dir/Core/Src/stm32f1xx_hal_msp.c.obj
 .debug_aranges
                0x00000130      0x3d0 CMakeFiles/STM32F103_CMake_Demo.dir/Drivers/STM32F1xx_HAL_Driver/Src/stm32f1xx_hal_tim.c.obj
 .debug_aranges
                0x00000500      0x168 CMakeFiles/STM32F103_CMake_Demo.dir/Drivers/STM32F1xx_HAL_Driver/Src/stm32f1xx_hal_tim_ex.c.obj
 .debug_aranges
                0x00000668       0xe0 CMakeFiles/STM32F103_CMake_Demo.dir/Drivers/STM32F1xx_HAL_Driver/Src/stm32f1xx_hal.c.obj
 .debug_aranges
                0x00000748       0x90 CMakeFiles/STM32F103_CMake_Demo.dir/Drivers/STM32F1xx_HAL_Driver/Src/stm32f1xx_hal_rcc.c.obj
 .debug_aranges
                0x000007d8       0x58 CMakeFiles/STM32F103_CMake_Demo.dir/Drivers/STM32F1xx_HAL_Driver/Src/stm32f1xx_hal_gpio.c.obj
 .debug_aranges
                0x00000830       0x80 CMakeFiles/STM32F103_CMake_Demo.dir/Drivers/STM32F1xx_HAL_Driver/Src/stm32f1xx_hal_dma.c.obj
 .debug_aranges
                0x000008b0      0x100 CMakeFiles/STM32F103_CMake_Demo.dir/Drivers/STM32F1xx_HAL_Driver/Src/stm32f1xx_hal_cortex.c.obj
 .debug_aranges
                0x000009b0       0x28 CMakeFiles/STM32F103_CMake_Demo.dir/Core/Src/system_stm32f1xx.c.obj
 .debug_aranges
                0x000009d8       0x28 CMakeFiles/STM32F103_CMake_Demo.dir/startup_stm32f103xb.s.obj

.debug_rnglists
                0x00000000      0x7aa
 .debug_rnglists
                0x00000000       0x21 CMakeFiles/STM32F103_CMake_Demo.dir/Core/Src/main.c.obj
 .debug_rnglists
                0x00000021       0x14 CMakeFiles/STM32F103_CMake_Demo.dir/Core/Src/gpio.c.obj
 .debug_rnglists
                0x00000035       0x13 CMakeFiles/STM32F103_CMake_Demo.dir/Core/Src/dma.c.obj
 .debug_rnglists
                0x00000048       0x27 CMakeFiles/STM32F103_CMake_Demo.dir/Core/Src/tim.c.obj
 .debug_rnglists
                0x0000006f       0x49 CMakeFiles/STM32F103_CMake_Demo.dir/Core/Src/stm32f1xx_it.c.obj
 .debug_rnglists
                0x000000b8       0x13 CMakeFiles/STM32F103_CMake_Demo.dir/Core/Src/stm32f1xx_hal_msp.c.obj
 .debug_rnglists
                0x000000cb      0x31a CMakeFiles/STM32F103_CMake_Demo.dir/Drivers/STM32F1xx_HAL_Driver/Src/stm32f1xx_hal_tim.c.obj
 .debug_rnglists
                0x000003e5      0x125 CMakeFiles/STM32F103_CMake_Demo.dir/Drivers/STM32F1xx_HAL_Driver/Src/stm32f1xx_hal_tim_ex.c.obj
 .debug_rnglists
                0x0000050a       0xa3 CMakeFiles/STM32F103_CMake_Demo.dir/Drivers/STM32F1xx_HAL_Driver/Src/stm32f1xx_hal.c.obj
 .debug_rnglists
                0x000005ad       0x6c CMakeFiles/STM32F103_CMake_Demo.dir/Drivers/STM32F1xx_HAL_Driver/Src/stm32f1xx_hal_rcc.c.obj
 .debug_rnglists
                0x00000619       0x3f CMakeFiles/STM32F103_CMake_Demo.dir/Drivers/STM32F1xx_HAL_Driver/Src/stm32f1xx_hal_gpio.c.obj
 .debug_rnglists
                0x00000658       0x64 CMakeFiles/STM32F103_CMake_Demo.dir/Drivers/STM32F1xx_HAL_Driver/Src/stm32f1xx_hal_dma.c.obj
 .debug_rnglists
                0x000006bc       0xbb CMakeFiles/STM32F103_CMake_Demo.dir/Drivers/STM32F1xx_HAL_Driver/Src/stm32f1xx_hal_cortex.c.obj
 .debug_rnglists
                0x00000777       0x1a CMakeFiles/STM32F103_CMake_Demo.dir/Core/Src/system_stm32f1xx.c.obj
 .debug_rnglists
                0x00000791       0x19 CMakeFiles/STM32F103_CMake_Demo.dir/startup_stm32f103xb.s.obj

.debug_macro    0x00000000    0x16ccd
 .debug_macro   0x00000000      0x1cf CMakeFiles/STM32F103_CMake_Demo.dir/Core/Src/main.c.obj
 .debug_macro   0x000001cf      0xaa8 CMakeFiles/STM32F103_CMake_Demo.dir/Core/Src/main.c.obj
 .debug_macro   0x00000c77      0x21b CMakeFiles/STM32F103_CMake_Demo.dir/Core/Src/main.c.obj
 .debug_macro   0x00000e92       0x2e CMakeFiles/STM32F103_CMake_Demo.dir/Core/Src/main.c.obj
 .debug_macro   0x00000ec0       0x22 CMakeFiles/STM32F103_CMake_Demo.dir/Core/Src/main.c.obj
 .debug_macro   0x00000ee2       0x22 CMakeFiles/STM32F103_CMake_Demo.dir/Core/Src/main.c.obj
 .debug_macro   0x00000f04       0x8e CMakeFiles/STM32F103_CMake_Demo.dir/Core/Src/main.c.obj
 .debug_macro   0x00000f92       0x51 CMakeFiles/STM32F103_CMake_Demo.dir/Core/Src/main.c.obj
 .debug_macro   0x00000fe3      0x103 CMakeFiles/STM32F103_CMake_Demo.dir/Core/Src/main.c.obj
 .debug_macro   0x000010e6       0x6a CMakeFiles/STM32F103_CMake_Demo.dir/Core/Src/main.c.obj
 .debug_macro   0x00001150      0x1df CMakeFiles/STM32F103_CMake_Demo.dir/Core/Src/main.c.obj
 .debug_macro   0x0000132f       0x1c CMakeFiles/STM32F103_CMake_Demo.dir/Core/Src/main.c.obj
 .debug_macro   0x0000134b       0x22 CMakeFiles/STM32F103_CMake_Demo.dir/Core/Src/main.c.obj
 .debug_macro   0x0000136d       0xbd CMakeFiles/STM32F103_CMake_Demo.dir/Core/Src/main.c.obj
 .debug_macro   0x0000142a      0xd23 CMakeFiles/STM32F103_CMake_Demo.dir/Core/Src/main.c.obj
 .debug_macro   0x0000214d     0xe09e CMakeFiles/STM32F103_CMake_Demo.dir/Core/Src/main.c.obj
 .debug_macro   0x000101eb       0x6d CMakeFiles/STM32F103_CMake_Demo.dir/Core/Src/main.c.obj
 .debug_macro   0x00010258     0x34a2 CMakeFiles/STM32F103_CMake_Demo.dir/Core/Src/main.c.obj
 .debug_macro   0x000136fa      0x189 CMakeFiles/STM32F103_CMake_Demo.dir/Core/Src/main.c.obj
 .debug_macro   0x00013883       0x5c CMakeFiles/STM32F103_CMake_Demo.dir/Core/Src/main.c.obj
 .debug_macro   0x000138df      0x5bc CMakeFiles/STM32F103_CMake_Demo.dir/Core/Src/main.c.obj
 .debug_macro   0x00013e9b      0x289 CMakeFiles/STM32F103_CMake_Demo.dir/Core/Src/main.c.obj
 .debug_macro   0x00014124      0x1cb CMakeFiles/STM32F103_CMake_Demo.dir/Core/Src/main.c.obj
 .debug_macro   0x000142ef      0x114 CMakeFiles/STM32F103_CMake_Demo.dir/Core/Src/main.c.obj
 .debug_macro   0x00014403      0x1b2 CMakeFiles/STM32F103_CMake_Demo.dir/Core/Src/main.c.obj
 .debug_macro   0x000145b5       0x27 CMakeFiles/STM32F103_CMake_Demo.dir/Core/Src/main.c.obj
 .debug_macro   0x000145dc      0x136 CMakeFiles/STM32F103_CMake_Demo.dir/Core/Src/main.c.obj
 .debug_macro   0x00014712      0x1bc CMakeFiles/STM32F103_CMake_Demo.dir/Core/Src/main.c.obj
 .debug_macro   0x000148ce       0x34 CMakeFiles/STM32F103_CMake_Demo.dir/Core/Src/main.c.obj
 .debug_macro   0x00014902       0x3c CMakeFiles/STM32F103_CMake_Demo.dir/Core/Src/main.c.obj
 .debug_macro   0x0001493e       0x57 CMakeFiles/STM32F103_CMake_Demo.dir/Core/Src/main.c.obj
 .debug_macro   0x00014995       0x87 CMakeFiles/STM32F103_CMake_Demo.dir/Core/Src/main.c.obj
 .debug_macro   0x00014a1c      0x240 CMakeFiles/STM32F103_CMake_Demo.dir/Core/Src/main.c.obj
 .debug_macro   0x00014c5c      0x140 CMakeFiles/STM32F103_CMake_Demo.dir/Core/Src/main.c.obj
 .debug_macro   0x00014d9c      0x8ed CMakeFiles/STM32F103_CMake_Demo.dir/Core/Src/main.c.obj
 .debug_macro   0x00015689       0x83 CMakeFiles/STM32F103_CMake_Demo.dir/Core/Src/main.c.obj
 .debug_macro   0x0001570c      0x1ad CMakeFiles/STM32F103_CMake_Demo.dir/Core/Src/gpio.c.obj
 .debug_macro   0x000158b9      0x1ad CMakeFiles/STM32F103_CMake_Demo.dir/Core/Src/dma.c.obj
 .debug_macro   0x00015a66      0x1ad CMakeFiles/STM32F103_CMake_Demo.dir/Core/Src/tim.c.obj
 .debug_macro   0x00015c13      0x1ad CMakeFiles/STM32F103_CMake_Demo.dir/Core/Src/stm32f1xx_it.c.obj
 .debug_macro   0x00015dc0      0x1a3 CMakeFiles/STM32F103_CMake_Demo.dir/Core/Src/stm32f1xx_hal_msp.c.obj
 .debug_macro   0x00015f63      0x19a CMakeFiles/STM32F103_CMake_Demo.dir/Drivers/STM32F1xx_HAL_Driver/Src/stm32f1xx_hal_tim.c.obj
 .debug_macro   0x000160fd      0x199 CMakeFiles/STM32F103_CMake_Demo.dir/Drivers/STM32F1xx_HAL_Driver/Src/stm32f1xx_hal_tim_ex.c.obj
 .debug_macro   0x00016296      0x1bd CMakeFiles/STM32F103_CMake_Demo.dir/Drivers/STM32F1xx_HAL_Driver/Src/stm32f1xx_hal.c.obj
 .debug_macro   0x00016453      0x1ab CMakeFiles/STM32F103_CMake_Demo.dir/Drivers/STM32F1xx_HAL_Driver/Src/stm32f1xx_hal_rcc.c.obj
 .debug_macro   0x000165fe      0x204 CMakeFiles/STM32F103_CMake_Demo.dir/Drivers/STM32F1xx_HAL_Driver/Src/stm32f1xx_hal_gpio.c.obj
 .debug_macro   0x00016802      0x199 CMakeFiles/STM32F103_CMake_Demo.dir/Drivers/STM32F1xx_HAL_Driver/Src/stm32f1xx_hal_dma.c.obj
 .debug_macro   0x0001699b      0x199 CMakeFiles/STM32F103_CMake_Demo.dir/Drivers/STM32F1xx_HAL_Driver/Src/stm32f1xx_hal_cortex.c.obj
 .debug_macro   0x00016b34      0x199 CMakeFiles/STM32F103_CMake_Demo.dir/Core/Src/system_stm32f1xx.c.obj

.debug_line     0x00000000     0xc0be
 .debug_line    0x00000000      0x807 CMakeFiles/STM32F103_CMake_Demo.dir/Core/Src/main.c.obj
 .debug_line    0x00000807      0x745 CMakeFiles/STM32F103_CMake_Demo.dir/Core/Src/gpio.c.obj
 .debug_line    0x00000f4c      0x732 CMakeFiles/STM32F103_CMake_Demo.dir/Core/Src/dma.c.obj
 .debug_line    0x0000167e      0x841 CMakeFiles/STM32F103_CMake_Demo.dir/Core/Src/tim.c.obj
 .debug_line    0x00001ebf      0x811 CMakeFiles/STM32F103_CMake_Demo.dir/Core/Src/stm32f1xx_it.c.obj
 .debug_line    0x000026d0      0x738 CMakeFiles/STM32F103_CMake_Demo.dir/Core/Src/stm32f1xx_hal_msp.c.obj
 .debug_line    0x00002e08     0x3507 CMakeFiles/STM32F103_CMake_Demo.dir/Drivers/STM32F1xx_HAL_Driver/Src/stm32f1xx_hal_tim.c.obj
 .debug_line    0x0000630f     0x1931 CMakeFiles/STM32F103_CMake_Demo.dir/Drivers/STM32F1xx_HAL_Driver/Src/stm32f1xx_hal_tim_ex.c.obj
 .debug_line    0x00007c40      0x9e2 CMakeFiles/STM32F103_CMake_Demo.dir/Drivers/STM32F1xx_HAL_Driver/Src/stm32f1xx_hal.c.obj
 .debug_line    0x00008622      0xdeb CMakeFiles/STM32F103_CMake_Demo.dir/Drivers/STM32F1xx_HAL_Driver/Src/stm32f1xx_hal_rcc.c.obj
 .debug_line    0x0000940d      0xa7b CMakeFiles/STM32F103_CMake_Demo.dir/Drivers/STM32F1xx_HAL_Driver/Src/stm32f1xx_hal_gpio.c.obj
 .debug_line    0x00009e88      0xe3b CMakeFiles/STM32F103_CMake_Demo.dir/Drivers/STM32F1xx_HAL_Driver/Src/stm32f1xx_hal_dma.c.obj
 .debug_line    0x0000acc3      0xbce CMakeFiles/STM32F103_CMake_Demo.dir/Drivers/STM32F1xx_HAL_Driver/Src/stm32f1xx_hal_cortex.c.obj
 .debug_line    0x0000b891      0x7b5 CMakeFiles/STM32F103_CMake_Demo.dir/Core/Src/system_stm32f1xx.c.obj
 .debug_line    0x0000c046       0x78 CMakeFiles/STM32F103_CMake_Demo.dir/startup_stm32f103xb.s.obj

.debug_str      0x00000000    0x84675
 .debug_str     0x00000000    0x81d8f CMakeFiles/STM32F103_CMake_Demo.dir/Core/Src/main.c.obj
                              0x82160 (size before relaxing)
 .debug_str     0x00081d8f       0xbc CMakeFiles/STM32F103_CMake_Demo.dir/Core/Src/gpio.c.obj
                              0x81b26 (size before relaxing)
 .debug_str     0x00081e4b      0x2d1 CMakeFiles/STM32F103_CMake_Demo.dir/Core/Src/dma.c.obj
                              0x81d84 (size before relaxing)
 .debug_str     0x0008211c      0x26d CMakeFiles/STM32F103_CMake_Demo.dir/Core/Src/tim.c.obj
                              0x8221e (size before relaxing)
 .debug_str     0x00082389      0x11e CMakeFiles/STM32F103_CMake_Demo.dir/Core/Src/stm32f1xx_it.c.obj
                              0x81ce8 (size before relaxing)
 .debug_str     0x000824a7       0x83 CMakeFiles/STM32F103_CMake_Demo.dir/Core/Src/stm32f1xx_hal_msp.c.obj
                              0x81aae (size before relaxing)
 .debug_str     0x0008252a      0xe3e CMakeFiles/STM32F103_CMake_Demo.dir/Drivers/STM32F1xx_HAL_Driver/Src/stm32f1xx_hal_tim.c.obj
                              0x82f0a (size before relaxing)
 .debug_str     0x00083368      0x40a CMakeFiles/STM32F103_CMake_Demo.dir/Drivers/STM32F1xx_HAL_Driver/Src/stm32f1xx_hal_tim_ex.c.obj
                              0x82716 (size before relaxing)
 .debug_str     0x00083772      0x3bd CMakeFiles/STM32F103_CMake_Demo.dir/Drivers/STM32F1xx_HAL_Driver/Src/stm32f1xx_hal.c.obj
                              0x8220c (size before relaxing)
 .debug_str     0x00083b2f      0x278 CMakeFiles/STM32F103_CMake_Demo.dir/Drivers/STM32F1xx_HAL_Driver/Src/stm32f1xx_hal_rcc.c.obj
                              0x81f08 (size before relaxing)
 .debug_str     0x00083da7      0x31f CMakeFiles/STM32F103_CMake_Demo.dir/Drivers/STM32F1xx_HAL_Driver/Src/stm32f1xx_hal_gpio.c.obj
                              0x81e5f (size before relaxing)
 .debug_str     0x000840c6      0x205 CMakeFiles/STM32F103_CMake_Demo.dir/Drivers/STM32F1xx_HAL_Driver/Src/stm32f1xx_hal_dma.c.obj
                              0x81e82 (size before relaxing)
 .debug_str     0x000842cb      0x2d1 CMakeFiles/STM32F103_CMake_Demo.dir/Drivers/STM32F1xx_HAL_Driver/Src/stm32f1xx_hal_cortex.c.obj
                              0x82158 (size before relaxing)
 .debug_str     0x0008459c       0x7b CMakeFiles/STM32F103_CMake_Demo.dir/Core/Src/system_stm32f1xx.c.obj
                              0x81ad9 (size before relaxing)
 .debug_str     0x00084617       0x5e CMakeFiles/STM32F103_CMake_Demo.dir/startup_stm32f103xb.s.obj
                                 0x96 (size before relaxing)

.comment        0x00000000       0x43
 .comment       0x00000000       0x43 CMakeFiles/STM32F103_CMake_Demo.dir/Core/Src/main.c.obj
                                 0x44 (size before relaxing)
 .comment       0x00000043       0x44 CMakeFiles/STM32F103_CMake_Demo.dir/Core/Src/gpio.c.obj
 .comment       0x00000043       0x44 CMakeFiles/STM32F103_CMake_Demo.dir/Core/Src/dma.c.obj
 .comment       0x00000043       0x44 CMakeFiles/STM32F103_CMake_Demo.dir/Core/Src/tim.c.obj
 .comment       0x00000043       0x44 CMakeFiles/STM32F103_CMake_Demo.dir/Core/Src/stm32f1xx_it.c.obj
 .comment       0x00000043       0x44 CMakeFiles/STM32F103_CMake_Demo.dir/Core/Src/stm32f1xx_hal_msp.c.obj
 .comment       0x00000043       0x44 CMakeFiles/STM32F103_CMake_Demo.dir/Drivers/STM32F1xx_HAL_Driver/Src/stm32f1xx_hal_tim.c.obj
 .comment       0x00000043       0x44 CMakeFiles/STM32F103_CMake_Demo.dir/Drivers/STM32F1xx_HAL_Driver/Src/stm32f1xx_hal_tim_ex.c.obj
 .comment       0x00000043       0x44 CMakeFiles/STM32F103_CMake_Demo.dir/Drivers/STM32F1xx_HAL_Driver/Src/stm32f1xx_hal.c.obj
 .comment       0x00000043       0x44 CMakeFiles/STM32F103_CMake_Demo.dir/Drivers/STM32F1xx_HAL_Driver/Src/stm32f1xx_hal_rcc.c.obj
 .comment       0x00000043       0x44 CMakeFiles/STM32F103_CMake_Demo.dir/Drivers/STM32F1xx_HAL_Driver/Src/stm32f1xx_hal_gpio.c.obj
 .comment       0x00000043       0x44 CMakeFiles/STM32F103_CMake_Demo.dir/Drivers/STM32F1xx_HAL_Driver/Src/stm32f1xx_hal_dma.c.obj
 .comment       0x00000043       0x44 CMakeFiles/STM32F103_CMake_Demo.dir/Drivers/STM32F1xx_HAL_Driver/Src/stm32f1xx_hal_cortex.c.obj
 .comment       0x00000043       0x44 CMakeFiles/STM32F103_CMake_Demo.dir/Core/Src/system_stm32f1xx.c.obj

.debug_line_str
                0x00000000       0x7a
 .debug_line_str
                0x00000000       0x7a CMakeFiles/STM32F103_CMake_Demo.dir/startup_stm32f103xb.s.obj
